// Jest Snapshot v1, https://goo.gl/fbAQLP

exports[`Summary Section renders with enzyme 1`] = `
<div>
  <Component />
</div>
`;
