// Jest Snapshot v1, https://goo.gl/fbAQLP

exports[`Header renders with enzyme 1`] = `
<header>
  <h1>
    ELF Computing
  </h1>
  <h3>
    Laptops
  </h3>
  <h5>
    Customize your laptop
  </h5>
</header>
`;
